AMS_MEL_0.1 {
    global:
        ams_mel_rf_virtual_aperture_get_tx_radiated_power;
        ams_mel_rf_virtual_aperture_get_tx_peak_radiated_power;
        ams_mel_rf_virtual_aperture_get_tx_aperture_gain;
        ams_mel_rf_virtual_aperture_get_max_tx_attenuation;
        ams_mel_rf_virtual_aperture_get_data_pipes;
        ams_mel_rf_va_data_pipe_connections_snapshot_view;
        ams_mel_rf_va_data_pipe_connections_snapshot_close;
        ams_mel_rf_virtual_aperture_associate_data_pipe_endpoint;
        ams_mel_rf_virtual_aperture_associate_data_pipe_endpoints;
        ams_mel_rf_virtual_aperture_is_cached_waveform_supported;
        ams_mel_rf_virtual_aperture_dynamic_weights_supported;
        ams_mel_rf_virtual_aperture_get_local_functions;
        ams_mel_rf_va_local_function_list_view;
        ams_mel_rf_va_local_function_list_close;
        ams_mel_rf_virtual_aperture_get_local_function_status;
        ams_mel_rf_va_local_function_status_view;
        ams_mel_rf_va_local_function_status_close;
        ams_mel_rf_virtual_aperture_get_element_groups;
        ams_mel_rf_element_group_snapshot_view;
        ams_mel_rf_element_group_snapshot_close;
        ams_mel_get_abi_version;
        ams_mel_session_open;
        ams_mel_session_open_with_options;
        ams_mel_session_get_provider_version;
        ams_mel_session_close;
        ams_mel_ir_stream_open;
        ams_mel_ir_stream_start;
        ams_mel_ir_stream_receive;
        ams_mel_ir_stream_get_capabilities;
        ams_mel_ir_stream_receive_snapshot;
        ams_mel_ir_frame_snapshot_view;
        ams_mel_ir_frame_snapshot_close;
        ams_mel_ir_stream_get_counters;
        ams_mel_ir_image_metadata_open;
        ams_mel_ir_image_metadata_receive;
        ams_mel_ir_image_metadata_get_counters;
        ams_mel_ir_image_metadata_close;
        ams_mel_ir_image_metadata_event_view;
        ams_mel_ir_image_metadata_event_close;
        ams_mel_ir_stream_submit_navigation_report;
        ams_mel_ir_navigation_request_wait;
        ams_mel_ir_navigation_request_close;
        ams_mel_ir_stream_stop;
        ams_mel_ir_stream_close;
        ams_mel_ir_c2_open;
        ams_mel_ir_c2_enable;
        ams_mel_ir_c2_submit_operate;
        ams_mel_ir_c2_submit_mode;
        ams_mel_ir_mode_request_wait;
        ams_mel_ir_mode_request_close;
        ams_mel_ir_c2_submit_bit_noop;
        ams_mel_ir_c2_submit_bit;
        ams_mel_ir_c2_submit_config_set;
        ams_mel_ir_c2_send_keepalive;
        ams_mel_ir_c2_submit_comms_test;
        ams_mel_ir_channel_comms_request_wait;
        ams_mel_ir_channel_comms_request_close;
        ams_mel_ir_c2_get_capabilities;
        ams_mel_ir_channel_capability_view;
        ams_mel_ir_channel_capability_close;
        ams_mel_ir_c2_metadata_open;
        ams_mel_ir_c2_metadata_register_comms_test;
        ams_mel_ir_c2_metadata_receive;
        ams_mel_ir_c2_metadata_get_counters;
        ams_mel_ir_c2_metadata_close;
        ams_mel_ir_c2_metadata_event_view;
        ams_mel_ir_c2_metadata_event_close;
        ams_mel_ir_return_request_wait;
        ams_mel_ir_return_request_close;
        ams_mel_ir_c2_close;
        ams_mel_ir_health_open;
        ams_mel_ir_health_enable;
        ams_mel_ir_health_get_capabilities;
        ams_mel_ir_health_close;
        ams_mel_ir_health_metadata_open;
        ams_mel_ir_health_metadata_receive;
        ams_mel_ir_health_metadata_get_counters;
        ams_mel_ir_health_metadata_close;
        ams_mel_ir_health_metadata_event_view;
        ams_mel_ir_health_metadata_event_close;
        ams_mel_ir_instrumentation_open;
        ams_mel_ir_instrumentation_enable;
        ams_mel_ir_instrumentation_get_capabilities;
        ams_mel_ir_instrumentation_submit_level;
        ams_mel_ir_instrumentation_request_wait;
        ams_mel_ir_instrumentation_request_close;
        ams_mel_ir_instrumentation_metadata_open;
        ams_mel_ir_instrumentation_metadata_receive;
        ams_mel_ir_instrumentation_metadata_get_counters;
        ams_mel_ir_instrumentation_metadata_close;
        ams_mel_ir_instrumentation_metadata_event_view;
        ams_mel_ir_instrumentation_metadata_event_close;
        ams_mel_ir_instrumentation_close;
        ams_mel_ir_track_open;
        ams_mel_ir_track_enable;
        ams_mel_ir_track_get_capabilities;
        ams_mel_ir_track_close;
        ams_mel_ir_track_metadata_open;
        ams_mel_ir_track_metadata_receive;
        ams_mel_ir_track_metadata_get_counters;
        ams_mel_ir_track_metadata_close;
        ams_mel_ir_track_metadata_event_view;
        ams_mel_ir_track_metadata_event_view_v2;
        ams_mel_ir_track_metadata_event_view_v3;
        ams_mel_ir_track_metadata_event_close;
        ams_mel_ir_track_submit_update;
        ams_mel_ir_track_update_request_wait;
        ams_mel_ir_track_update_request_close;
        ams_mel_ir_track_submit_system_track_data_response;
        ams_mel_ir_track_system_response_request_wait;
        ams_mel_ir_track_system_response_request_close;
        ams_mel_ir_channel_from_c2;
        ams_mel_ir_channel_from_stream;
        ams_mel_ir_channel_from_health;
        ams_mel_ir_channel_from_instrumentation;
        ams_mel_ir_channel_from_track;
        ams_mel_ir_channel_send_keepalive;
        ams_mel_ir_channel_submit_comms_test;
        ams_mel_ir_channel_get_capabilities;
        ams_mel_ir_channel_close;
        ams_mel_rf_data_open;
        ams_mel_rf_admin_open;
        ams_mel_rf_admin_command_state;
        ams_mel_rf_admin_close;
        ams_mel_rf_c2_open;
        ams_mel_rf_c2_close;
        ams_mel_rf_c2_submit_virtual_aperture;
        ams_mel_rf_virtual_aperture_request_wait;
        ams_mel_rf_virtual_aperture_request_claim;
        ams_mel_rf_virtual_aperture_request_close;
        ams_mel_rf_virtual_aperture_view;
        ams_mel_rf_virtual_aperture_close;
        ams_mel_rf_va_status_subscription_open;
        ams_mel_rf_va_status_subscription_wait;
        ams_mel_rf_va_status_subscription_get_statistics;
        ams_mel_rf_va_status_subscription_unsubscribe;
        ams_mel_rf_va_status_subscription_close;
        ams_mel_rf_virtual_aperture_get_id;
        ams_mel_rf_virtual_aperture_get_status;
        ams_mel_rf_virtual_aperture_get_instance_status;
        ams_mel_rf_virtual_aperture_get_all_instances;
        ams_mel_rf_virtual_aperture_get_instances;
        ams_mel_rf_va_instance_list_view;
        ams_mel_rf_va_instance_list_close;
        ams_mel_rf_virtual_aperture_get_instance_status_report;
        ams_mel_rf_va_instance_status_report_view;
        ams_mel_rf_va_instance_status_report_close;
        ams_mel_rf_virtual_aperture_submit_job;
        ams_mel_rf_virtual_aperture_submit_job_v2;
        ams_mel_rf_virtual_aperture_submit_job_v3;
        ams_mel_rf_virtual_aperture_submit_job_v4;
        ams_mel_rf_job_request_wait;
        ams_mel_rf_job_request_claim;
        ams_mel_rf_job_request_close;
        ams_mel_rf_job_view;
        ams_mel_rf_job_finalize;
        ams_mel_rf_job_add_rx_intervals;
        ams_mel_rf_job_add_rx_intervals_v2;
        ams_mel_rf_job_add_rx_intervals_v3;
        ams_mel_rf_job_add_rx_intervals_v4;
        ams_mel_rf_job_interval_status_open;
        ams_mel_rf_job_interval_status_receive;
        ams_mel_rf_job_interval_status_get_counters;
        ams_mel_rf_job_interval_status_close;
        ams_mel_rf_job_interval_status_event_view;
        ams_mel_rf_job_interval_status_event_close;
        ams_mel_rf_job_flush;
        ams_mel_rf_job_cancel_remaining_intervals;
        ams_mel_rf_job_extend_event;
        ams_mel_rf_job_wait_status;
        ams_mel_rf_job_cancel;
        ams_mel_rf_job_close;
        ams_mel_rf_data_get_provider_version;
        ams_mel_rf_data_get_mfa_info;
        ams_mel_rf_data_quantize_duration;
        ams_mel_rf_data_get_physical_data;
        ams_mel_rf_data_get_tx_power_modes;
        ams_mel_rf_data_get_tx_power_mode;
        ams_mel_rf_tx_power_mode_snapshot_view;
        ams_mel_rf_tx_power_mode_snapshot_close;
        ams_mel_rf_physical_data_view;
        ams_mel_rf_physical_data_close;
        ams_mel_rf_mfa_info_view;
        ams_mel_rf_mfa_info_close;
        ams_mel_rf_data_close;
        ams_mel_rf_data_submit_product_rx;
        ams_mel_rf_product_rx_request_wait;
        ams_mel_rf_product_rx_request_claim;
        ams_mel_rf_product_rx_request_close;
        ams_mel_rf_product_rx_receive;
        ams_mel_rf_product_rx_get_counters;
        ams_mel_rf_product_rx_close;
        ams_mel_rf_product_rx_event_view;
        ams_mel_rf_product_rx_event_close;
    local:
        *;
};
