AMS_MEL_0.1 {
    global:
        ams_mel_get_abi_version;
        ams_mel_session_open;
        ams_mel_session_get_provider_version;
        ams_mel_session_close;
        ams_mel_ir_stream_open;
        ams_mel_ir_stream_start;
        ams_mel_ir_stream_receive;
        ams_mel_ir_stream_get_capabilities;
        ams_mel_ir_stream_receive_snapshot;
        ams_mel_ir_frame_snapshot_view;
        ams_mel_ir_frame_snapshot_close;
        ams_mel_ir_stream_get_counters;
        ams_mel_ir_image_metadata_open;
        ams_mel_ir_image_metadata_receive;
        ams_mel_ir_image_metadata_get_counters;
        ams_mel_ir_image_metadata_close;
        ams_mel_ir_image_metadata_event_view;
        ams_mel_ir_image_metadata_event_close;
        ams_mel_ir_stream_submit_navigation_report;
        ams_mel_ir_navigation_request_wait;
        ams_mel_ir_navigation_request_close;
        ams_mel_ir_stream_stop;
        ams_mel_ir_stream_close;
        ams_mel_ir_c2_open;
        ams_mel_ir_c2_enable;
        ams_mel_ir_c2_submit_operate;
        ams_mel_ir_c2_submit_mode;
        ams_mel_ir_mode_request_wait;
        ams_mel_ir_mode_request_close;
        ams_mel_ir_c2_submit_bit_noop;
        ams_mel_ir_c2_submit_bit;
        ams_mel_ir_c2_submit_config_set;
        ams_mel_ir_c2_send_keepalive;
        ams_mel_ir_c2_submit_comms_test;
        ams_mel_ir_channel_comms_request_wait;
        ams_mel_ir_channel_comms_request_close;
        ams_mel_ir_c2_get_capabilities;
        ams_mel_ir_channel_capability_view;
        ams_mel_ir_channel_capability_close;
        ams_mel_ir_c2_metadata_open;
        ams_mel_ir_c2_metadata_register_comms_test;
        ams_mel_ir_c2_metadata_receive;
        ams_mel_ir_c2_metadata_get_counters;
        ams_mel_ir_c2_metadata_close;
        ams_mel_ir_c2_metadata_event_view;
        ams_mel_ir_c2_metadata_event_close;
        ams_mel_ir_return_request_wait;
        ams_mel_ir_return_request_close;
        ams_mel_ir_c2_close;
        ams_mel_ir_health_open;
        ams_mel_ir_health_enable;
        ams_mel_ir_health_get_capabilities;
        ams_mel_ir_health_close;
        ams_mel_ir_health_metadata_open;
        ams_mel_ir_health_metadata_receive;
        ams_mel_ir_health_metadata_get_counters;
        ams_mel_ir_health_metadata_close;
        ams_mel_ir_health_metadata_event_view;
        ams_mel_ir_health_metadata_event_close;
    local:
        *;
};
